// Jest Snapshot v1, https://goo.gl/fbAQLP

exports[`Contact Us renders correctly 1`] = `
<body>
  <div>
    <div
      class="ContactUs"
    >
      <h1>
        Contact Us
      </h1>
      <a
        href="tel:0878203953"
        style="color: rgb(255, 255, 255);"
      >
        087 820 3953
      </a>
    </div>
  </div>
</body>
`;
