// Jest Snapshot v1, https://goo.gl/fbAQLP

exports[`Home renders correctly 1`] = `
<body>
  <div>
    <div
      class="Home"
    >
      <div
        class="HomeContent"
      >
        <img
          alt="Hydrolife Logo"
          src="/media/logo.png"
        />
        <p>
          We have over 20 years of experience in the rental of water coolers and the delivery of refill bottled water in the greater Cape Town area. Hydrolife has the solution to your home, office or factory/plant water needs.
        </p>
        <p>
          Our expertise in off-grid solutions and bespoke water filtration systems is what sets Hydrolife apart from other excellent quality water solutions.
        </p>
      </div>
      <img
        alt="Rent one of these"
        class="HomeCoolerImage"
        src="/media/cooler-transparent.png"
      />
    </div>
  </div>
</body>
`;
