// Jest Snapshot v1, https://goo.gl/fbAQLP

exports[`Page header renders correctly 1`] = `
<body>
  <div>
    <div
      class="PageHeader"
    >
      <div
        class="LogoContainer"
      >
        <img
          alt="Hydrolife Logo"
          src="/media/logo.png"
        />
      </div>
      <div
        class="ContactUsContainer"
      >
        <div>
          <div
            class="ContactIconsForHeader"
          >
            <a
              href="tel:0878203953"
              rel="_blank"
              target="noopener noreferrer"
            >
              <img
                alt="tel:0878203953"
                src="/media/landline.svg"
              />
            </a>
          </div>
          <div
            class="ContactIconsForHeader"
          >
            <a
              href="https://wa.me/27844297382"
              rel="_blank"
              target="noopener noreferrer"
            >
              <img
                alt="https://wa.me/27844297382"
                src="/media/whatsapp.svg"
              />
            </a>
          </div>
          <div
            class="ContactIconsForHeader"
          >
            <a
              href="https://www.instagram.com/p/Ciz_zXgqCCn/"
              rel="_blank"
              target="noopener noreferrer"
            >
              <img
                alt="https://www.instagram.com/p/Ciz_zXgqCCn/"
                src="/media/instagram.svg"
              />
            </a>
          </div>
          <div
            class="ContactIconsForHeader"
          >
            <a
              href="https://www.facebook.com/profile.php?id=100079179708997"
              rel="_blank"
              target="noopener noreferrer"
            >
              <img
                alt="https://www.facebook.com/profile.php?id=100079179708997"
                src="/media/facebook.svg"
              />
            </a>
          </div>
        </div>
      </div>
    </div>
  </div>
</body>
`;
