// Jest Snapshot v1, https://goo.gl/fbAQLP

exports[`Page header renders correctly 1`] = `
<body>
  <div>
    <div
      class="PageHeader"
    >
      <div
        class="LogoContainer"
      >
        <img
          alt="Hydrolife Logo"
          src="/media/logo2.png"
        />
      </div>
      <div
        class="MenuContainer"
      >
        <img
          alt="Menu"
          src="/media/menu2.png"
        />
      </div>
    </div>
  </div>
</body>
`;
